> show dbs
admin   0.000GB
config  0.000GB
local   0.000GB
school  0.001GB

> use Student
switched to db Student

>db.createCollection("student")
{ "ok" : 1 }
> show dbs
admin    0.000GB
config   0.000GB
local    0.000GB
student  0.000GB


> db.student.drop()
true
> use College
switched to db College
> db.createCollection("Student")
{ "ok" : 1 }
> db.createCollection("Faculty")
{ "ok" : 1 }
> db.createCollection("COE")
{ "ok" : 1 }
> db.createCollection("Library")
{ "ok" : 1 }
> db.createCollection("Admission")
{ "ok" : 1 }
> db.createCollection("College Festival")
{ "ok" : 1 }

> show collections
Admission
COE
College Festival
Faculty
Library
Student

> db.Student.insert({"Name" : "Nikhil c","Age" : 21,"_id" : "1BM17Cs052","Location" : "Srinagar","phone" : "8088631797","Email" :"nikhilc.cs17@bmsce.ac.in"})
WriteResult({ "nInserted" : 1 })
> db.Student.find()
{ "_id" : "1BM17Cs052", "Name" : "Nikhil c", "Age" : 21, "Location" : "Srinagar", "phone" : "8088631797", "Email" : "nikhilc.cs17@bmsce.ac.in" }
> db.Student.insert({"Name" : "Bharath","Age" : 21,"_id" : "1BM17Cs017","Location" : "Gubbi","phone" : "8088631","Email" :"Bharath.cs17@bmsce.ac.in"})
WriteResult({ "nInserted" : 1 })
> db.Student.insert({"Name" : "Hetav","Age" : 20,"_id" : "1BM17Cs059","Location" : "Gujarat","phone" : "8088","Email" :"Hetav.cs17@bmsce.ac.in"})
WriteResult({ "nInserted" : 1 })
> db.Student.insert({"Name" : "Abhi","Age" : 20,"_id" : "1BM17Cs010","Location" : "KRpuram","phone" : "808866455","Email" :"Abhi.cs17@bmsce.ac.in"})
WriteResult({ "nInserted" : 1 })


> db.Faculty.insert([{
... "userId":"rirani",
... "jobTitleName":"Associate professor",
... "firstName":"Romin",
... "lastName":"Irani",
... "preferredFullName":"Romin Irani",
... "_id":"E1",
... "region":"CA",
... "phoneNumber":"408-1234567",
... "emailAddress":"romin.k.irani@gmail.com"
... },
... {
... "userId":"nirani",
... "jobTitleName":"Associate professor",
... "firstName":"Neil",
... "lastName":"Irani",
... "preferredFullName":"Neil Irani",
... "_id":"E2",
... "region":"CA",
... "phoneNumber":"408-1111111",
... "emailAddress":"neilrirani@gmail.com"
... },
... {
... "userId":"hanks",
... "jobTitleName":"assistenat professor",
... "firstName":"Tom",
... "lastName":"Hanks",
... "preferredFullName":"Tom Hanks",
... "_id":"E3",
... "region":"CA",
... "phoneNumber":"408-2222222",
... "emailAddress":"tomhanks@gmail.com"
... },
... {
... "userId":"sharma",
... "jobTitleName":"assistenat professor",
... "firstName":"rohit",
... "lastName":"sharma",
... "preferredFullName":"Rohit sharma",
... "_id":"E3",
... "region":"CA",
... "phoneNumber":"408-2222222",
... "emailAddress":"tomhanks@gmail.com"
... }])

BulkWriteResult({
	"writeErrors" : [ ],
	"writeConcernErrors" : [ ],
	"nInserted" : 4,
	"nUpserted" : 0,
	"nMatched" : 0,
	"nModified" : 0,
	"nRemoved" : 0,
	"upserted" : [ ]
})

> db.Admission.insert([{
... "_id" : "A1",
... "date" : "sep 2020",
... "type" : "Cet",
... "College" : "BMSCE",
... "fee" : 25000,
... "other" : "nothing"
... },
... {
... "_id" : "A2",
... "date" : "oct 2020",
... "type" : "Comdel",
... "College" : "BMSit",
... "fee" : 750000
... },
... {
... "_id" : "A3",
... "date" : "apr 2020",
... "type" : "Cet",
... "College" : "BMSCE",
... "fee" : 25000,
... "dept" : "CSE"
... },
... {
... "_id" : "A4",
... "date" : "mar 2020",
... "type" : "management",
... "College" : "BMSCE",
... "fee" : 25000,
... }])
BulkWriteResult({
	"writeErrors" : [ ],
	"writeConcernErrors" : [ ],
	"nInserted" : 4,
	"nUpserted" : 0,
	"nMatched" : 0,
	"nModified" : 0,
	"nRemoved" : 0,
	"upserted" : [ ]
})


> db.Library.insert([{
...       "_id": "9781593275846",
...       "title": "Eloquent JavaScript, Second Edition",
...       "subtitle": "A Modern Introduction to Programming",
...       "author": "Marijn Haverbeke",
...       "published": "2014-12-14T00:00:00.000Z",
...       "publisher": "No Starch Press",
...       "pages": 472,
...       "website": "http://eloquentjavascript.net/"
...     },
...     {
...       "_id": "9781449331818",
...       "title": "Learning JavaScript Design Patterns",
...       "subtitle": "A JavaScript and jQuery Developer's Guide",
...       "author": "Addy Osmani",
...       "published": "2012-07-01T00:00:00.000Z",
...     },
...     {
...       "_id": "9781449365035",
...       "title": "Speaking JavaScript",
...       "subtitle": "An In-Depth Guide for Programmers",
...       "author": "Axel Rauschmayer",
...       "published": "2014-02-01T00:00:00.000Z",
...       "publisher": "O'Reilly Media",
...       "pages": 460,
...       "description": "Like it or not, JavaScript is everywhere these days-from browser to server to mobile-and now you, too, need to learn the language or dive deeper than you have. This concise book guides you into and through JavaScript, written by a veteran programmer who once found himself in the same position.",
...       "copies": 250
...     },
...     {
...       "_id": "9781491950296",
...       "title": "Programming JavaScript Applications",
...       "subtitle": "Robust Web Architecture with Node, HTML5, and Modern JS Libraries",
...       "author": "Eric Elliott",
...       "published": "2014-07-01T00:00:00.000Z",
...       "publisher": "O'Reilly Media",
...       "pages": 254,
...       "description": "Take advantage of JavaScript's power to build robust web-scale or enterprise applications that are easy to extend and maintain. By applying the design patterns outlined in this practical book, experienced JavaScript developers will learn how to write flexible and resilient code that's easier-yes, easier-to work with as your code base grows.",
...       "website": "http://chimera.labs.oreilly.com/books/1234000000262/index.html"
...     }])
BulkWriteResult({
	"writeErrors" : [ ],
	"writeConcernErrors" : [ ],
	"nInserted" : 4,
	"nUpserted" : 0,
	"nMatched" : 0,
	"nModified" : 0,
	"nRemoved" : 0,
	"upserted" : [ ]
})


> show collections
Admission
COE
College Festival
Faculty
Library
Student
> db.COE.insert([{
... "_id" : "C1",
... "dept" : "CSE",
... "role" : "inCharge",
... "phone" : "8088631797",
... "salary" : "80000"
... },
... {
... "_id" : "C2",
... "dept" : "ECE",
... "role" : "Asscociate",
... "phone" : "8631797111",
... "salary" : "70000"
... },
... {
... "_id" : "C3",
... "dept" : "EEE",
... "role" : "Assitant",
... "phone" : "9844430832",
... "salary" : "80000"
... },
... {
... "_id" : "C4",
... "dept" : "ISE",
... "role" : "inCharge",
... "phone" : "8098785212",
... "salary" : "75000"
... }])
BulkWriteResult({
	"writeErrors" : [ ],
	"writeConcernErrors" : [ ],
	"nInserted" : 4,
	"nUpserted" : 0,
	"nMatched" : 0,
	"nModified" : 0,
	"nRemoved" : 0,
	"upserted" : [ ]
})

> db.Festival.insert([{ "_id" : "C1", "dept" : "CSE", "contest" : "code thon", "phone" : "8088631797", "fees" : "80" }, { "_id" : "C2", "dept" : "ECE", "contest" : "hack a thon", "phone" : "8631797111", "fees" : "70" }, { "_id" : "C3", "dept" : "EEE", "contest" : "public speaking", "phone" : "9844430832", "fees" : "80" }, { "_id" : "C4", "dept" : "ISE", "contest" : "seminar", "phone" : "8098785212", "fees" : "75" }])

BulkWriteResult({
	"writeErrors" : [ ],
	"writeConcernErrors" : [ ],
	"nInserted" : 4,
	"nUpserted" : 0,
	"nMatched" : 0,
	"nModified" : 0,
	"nRemoved" : 0,
	"upserted" : [ ]
})

> db.Student.find()
{ "_id" : "1BM17Cs052", "Name" : "Nikhil c", "Age" : 21, "Location" : "Srinagar", "phone" : "8088631797", "Email" : "nikhilc.cs17@bmsce.ac.in" }
{ "_id" : "1BM17Cs017", "Name" : "Bharath", "Age" : 21, "Location" : "Gubbi", "phone" : "8088631", "Email" : "Bharath.cs17@bmsce.ac.in" }
{ "_id" : "1BM17Cs059", "Name" : "Hetav", "Age" : 20, "Location" : "Gujarat", "phone" : "8088", "Email" : "Hetav.cs17@bmsce.ac.in" }
{ "_id" : "1BM17Cs010", "Name" : "Abhi", "Age" : 20, "Location" : "KRpuram", "phone" : "808866455", "Email" : "Abhi.cs17@bmsce.ac.in" }


> db.COE.find()
{ "_id" : "C1", "dept" : "CSE", "role" : "inCharge", "phone" : "8088631797", "salary" : "80000" }
{ "_id" : "C2", "dept" : "ECE", "role" : "Asscociate", "phone" : "8631797111", "salary" : "70000" }
{ "_id" : "C3", "dept" : "EEE", "role" : "Assitant", "phone" : "9844430832", "salary" : "80000" }
{ "_id" : "C4", "dept" : "ISE", "role" : "inCharge", "phone" : "8098785212", "salary" : "75000" }
> db.Festival.find()
{ "_id" : "C1", "dept" : "CSE", "contest" : "code thon", "phone" : "8088631797", "fees" : "80" }
{ "_id" : "C2", "dept" : "ECE", "contest" : "hack a thon", "phone" : "8631797111", "fees" : "70" }
{ "_id" : "C3", "dept" : "EEE", "contest" : "public speaking", "phone" : "9844430832", "fees" : "80" }
{ "_id" : "C4", "dept" : "ISE", "contest" : "seminar", "phone" : "8098785212", "fees" : "75" }


> db.Library.find()
{ "_id" : "9781593275846", "title" : "Eloquent JavaScript, Second Edition", "subtitle" : "A Modern Introduction to Programming", "author" : "Marijn Haverbeke", "published" : "2014-12-14T00:00:00.000Z", "publisher" : "No Starch Press", "pages" : 472, "website" : "http://eloquentjavascript.net/" }
{ "_id" : "9781449331818", "title" : "Learning JavaScript Design Patterns", "subtitle" : "A JavaScript and jQuery Developer's Guide", "author" : "Addy Osmani", "published" : "2012-07-01T00:00:00.000Z" }
{ "_id" : "9781449365035", "title" : "Speaking JavaScript", "subtitle" : "An In-Depth Guide for Programmers", "author" : "Axel Rauschmayer", "published" : "2014-02-01T00:00:00.000Z", "publisher" : "O'Reilly Media", "pages" : 460, "description" : "Like it or not, JavaScript is everywhere these days-from browser to server to mobile-and now you, too, need to learn the language or dive deeper than you have. This concise book guides you into and through JavaScript, written by a veteran programmer who once found himself in the same position.", "copies" : 250 }
{ "_id" : "9781491950296", "title" : "Programming JavaScript Applications", "subtitle" : "Robust Web Architecture with Node, HTML5, and Modern JS Libraries", "author" : "Eric Elliott", "published" : "2014-07-01T00:00:00.000Z", "publisher" : "O'Reilly Media", "pages" : 254, "description" : "Take advantage of JavaScript's power to build robust web-scale or enterprise applications that are easy to extend and maintain. By applying the design patterns outlined in this practical book, experienced JavaScript developers will learn how to write flexible and resilient code that's easier-yes, easier-to work with as your code base grows.", "website" : "http://chimera.labs.oreilly.com/books/1234000000262/index.html" }



> db.Faculty.find()
{ "_id" : "E1", "userId" : "rirani", "jobTitleName" : "Associate professor", "firstName" : "Romin", "lastName" : "Irani", "preferredFullName" : "Romin Irani", "region" : "CA", "phoneNumber" : "408-1234567", "emailAddress" : "romin.k.irani@gmail.com" }
{ "_id" : "E2", "userId" : "nirani", "jobTitleName" : "Associate professor", "firstName" : "Neil", "lastName" : "Irani", "preferredFullName" : "Neil Irani", "region" : "CA", "phoneNumber" : "408-1111111", "emailAddress" : "neilrirani@gmail.com" }
{ "_id" : "E3", "userId" : "hanks", "jobTitleName" : "assistenat professor", "firstName" : "Tom", "lastName" : "Hanks", "preferredFullName" : "Tom Hanks", "region" : "CA", "phoneNumber" : "408-2222222", "emailAddress" : "tomhanks@gmail.com" }
{ "_id" : "E4", "userId" : "sharma", "jobTitleName" : "assistenat professor", "firstName" : "rohit", "lastName" : "sharma", "preferredFullName" : "Rohit sharma", "region" : "CA", "phoneNumber" : "408-2222222", "emailAddress" : "tomhanks@gmail.com" }



> db.Admission.find()
{ "_id" : "A1", "date" : "sep 2020", "type" : "Cet", "College" : "BMSCE", "fee" : 25000, "other" : "nothing" }
{ "_id" : "A2", "date" : "oct 2020", "type" : "Comdel", "College" : "BMSit", "fee" : 750000 }
{ "_id" : "A3", "date" : "apr 2020", "type" : "Cet", "College" : "BMSCE", "fee" : 25000, "dept" : "CSE" }
{ "_id" : "A4", "date" : "mar 2020", "type" : "management", "College" : "BMSCE", "fee" : 25000 }


> db.Festival.find()
{ "_id" : "C1", "dept" : "CSE", "contest" : "code thon", "phone" : "8088631797", "fees" : "80" }
{ "_id" : "C2", "dept" : "ECE", "contest" : "hack a thon", "phone" : "8631797111", "fees" : "70" }
{ "_id" : "C3", "dept" : "EEE", "contest" : "public speaking", "phone" : "9844430832", "fees" : "80" }
{ "_id" : "C4", "dept" : "ISE", "contest" : "seminar", "phone" : "8098785